nohup: ignoring input
INFO:     Started server process [1758320]
INFO:     Waiting for application startup.
ERROR:    Traceback (most recent call last):
  File "/home/rgbadmins/streamlit_app/streamlit_app/lib/python3.12/site-packages/starlette/routing.py", line 638, in lifespan
    async with self.lifespan_context(app) as maybe_state:
  File "/home/rgbadmins/streamlit_app/streamlit_app/lib/python3.12/site-packages/fastapi/routing.py", line 237, in __aenter__
    await self._router._startup()
  File "/home/rgbadmins/streamlit_app/streamlit_app/lib/python3.12/site-packages/fastapi/routing.py", line 4880, in _startup
    await handler()
  File "/home/rgbadmins/streamlit_app/StreamlitApp/Collection Report App/_App_FastAPI/hr-clearance-app/HR_App.py", line 45, in startup
    engine = init_engine()
             ^^^^^^^^^^^^^
  File "/home/rgbadmins/streamlit_app/StreamlitApp/Collection Report App/_App_FastAPI/hr-clearance-app/database.py", line 22, in init_engine
    engine = create_async_engine(url, pool_pre_ping=True)
             ^^^^^^^^^^^^^^^^^^^^^^^^^^^^^^^^^^^^^^^^^^^^
  File "/home/rgbadmins/streamlit_app/streamlit_app/lib/python3.12/site-packages/sqlalchemy/ext/asyncio/engine.py", line 120, in create_async_engine
    sync_engine = _create_engine(url, **kw)
                  ^^^^^^^^^^^^^^^^^^^^^^^^^
  File "<string>", line 2, in create_engine
  File "/home/rgbadmins/streamlit_app/streamlit_app/lib/python3.12/site-packages/sqlalchemy/util/deprecations.py", line 281, in warned
    return fn(*args, **kwargs)  # type: ignore[no-any-return]
           ^^^^^^^^^^^^^^^^^^^
  File "/home/rgbadmins/streamlit_app/streamlit_app/lib/python3.12/site-packages/sqlalchemy/engine/create.py", line 602, in create_engine
    dbapi = dbapi_meth(**dbapi_args)
            ^^^^^^^^^^^^^^^^^^^^^^^^
  File "/home/rgbadmins/streamlit_app/streamlit_app/lib/python3.12/site-packages/sqlalchemy/dialects/postgresql/asyncpg.py", line 1103, in import_dbapi
    return AsyncAdapt_asyncpg_dbapi(__import__("asyncpg"))
                                    ^^^^^^^^^^^^^^^^^^^^^
ModuleNotFoundError: No module named 'asyncpg'

ERROR:    Application startup failed. Exiting.
nohup: ignoring input
env: ‘./.venv/bin/uvicorn’: No such file or directory
